// Jest Snapshot v1, https://goo.gl/fbAQLP

exports[`<Main/> should render place 1`] = `
<div>
  Main
  <p>
    Beautiful & luxurious apartment at great location
  </p>
  <p>
    Wood and stone place
  </p>
</div>
`;
